RAM Allocation [bytes]
Variable                                                                          Address   Size
------------------------------------------------------------------------------------------------
timer1_count                                                                      0x0160       2
active_port                                                                       0x0162       2
timer                                                                             0x0164       2

EEPROM Allocation [bytes]
Variable                                                                          Address   Size
------------------------------------------------------------------------------------------------

Register Allocation
Variable                                                                          Register  Size
------------------------------------------------------------------------------------------------

FLASH Allocation [words]
Function                                                                          Address   Size
------------------------------------------------------------------------------------------------
bcd_encode                                                                        0x00045     63
timer0_tick_procedure                                                             0x00084     58
timer1_tick_procedure                                                             0x000BE      4
timer0_ovf_isr                                                                    0x000C2      5
timer1_ovf_isr                                                                    0x000C7     36
main                                                                              0x000EB     22
