RAM Allocation [bytes]
Variable                                                                          Address   Size
------------------------------------------------------------------------------------------------
active_port                                                                       0x0160       2
timer                                                                             0x0162       2
timer_array                                                                       0x0164       4

EEPROM Allocation [bytes]
Variable                                                                          Address   Size
------------------------------------------------------------------------------------------------

Register Allocation
Variable                                                                          Register  Size
------------------------------------------------------------------------------------------------

FLASH Allocation [words]
Function                                                                          Address   Size
------------------------------------------------------------------------------------------------
bcd_encode                                                                        0x00045     63
timer0_tick_procedure                                                             0x00084     37
timer1_tick_procedure                                                             0x000A9     43
timer0_ovf_isr                                                                    0x000D4      5
timer1_ovf_isr                                                                    0x000D9     20
main                                                                              0x000ED     29
