RAM Allocation [bytes]
Variable                                                                          Address   Size
------------------------------------------------------------------------------------------------
timer0_counter                                                                    0x0197       2
alpha_pointer                                                                     0x0199       2
timer1_counter                                                                    0x019B       2
_base_y                                                                           0x019D       4
_seed                                                                             0x01A1       4

EEPROM Allocation [bytes]
Variable                                                                          Address   Size
------------------------------------------------------------------------------------------------

Register Allocation
Variable                                                                          Register  Size
------------------------------------------------------------------------------------------------
ALPHABETS                                                                         R4,R5        2
_lcd_x                                                                            R7           1
_lcd_y                                                                            R6           1
_lcd_maxx                                                                         R9           1

FLASH Allocation [words]
Function                                                                          Address   Size
------------------------------------------------------------------------------------------------
show_hello_world                                                                  0x000A8      9
timer0_procedure                                                                  0x000B1     33
timer0_ovf_isr                                                                    0x000D2     23
timer1_ovf_isr                                                                    0x000E9     19
timer1_capt_isr                                                                   0x000FC    124
main                                                                              0x00178     47
_lcd_delay_G100                                                                   0x001A7      4
_lcd_ready                                                                        0x001AB     17
_lcd_write_nibble_G100                                                            0x001BC     10
_lcd_write_data                                                                   0x001C6     15
_lcd_read_nibble_G100                                                             0x001D5      9
lcd_read_byte0_G100                                                               0x001DE      9
lcd_gotoxy                                                                        0x001E7     16
lcd_clear                                                                         0x001F7     19
lcd_putchar                                                                       0x0020A     26
lcd_puts                                                                          0x00224     17
_long_delay_G100                                                                  0x00235      5
_lcd_init_write_G100                                                              0x0023A     12
lcd_init                                                                          0x00246     51
itoa                                                                              0x00279     46
ftoa                                                                              0x002A7    205
ftrunc                                                                            0x00374     49
floor                                                                             0x003A5     23
strcpyf                                                                           0x003BC     13
