RAM Allocation [bytes]
Variable                                                                          Address   Size
------------------------------------------------------------------------------------------------
timer0_counter                                                                    0x017E       2
alpha_pointer                                                                     0x0180       2
_base_y                                                                           0x0182       4

EEPROM Allocation [bytes]
Variable                                                                          Address   Size
------------------------------------------------------------------------------------------------

Register Allocation
Variable                                                                          Register  Size
------------------------------------------------------------------------------------------------
ALPHABETS                                                                         R4,R5        2
_lcd_x                                                                            R7           1
_lcd_y                                                                            R6           1
_lcd_maxx                                                                         R9           1

FLASH Allocation [words]
Function                                                                          Address   Size
------------------------------------------------------------------------------------------------
show_hello_world                                                                  0x00087     14
timer0_procedure                                                                  0x00095     40
timer0_ovf_isr                                                                    0x000BD     50
main                                                                              0x000EF     15
_lcd_delay_G100                                                                   0x000FE      4
_lcd_ready                                                                        0x00102     17
_lcd_write_nibble_G100                                                            0x00113     10
_lcd_write_data                                                                   0x0011D     15
_lcd_read_nibble_G100                                                             0x0012C      9
lcd_read_byte0_G100                                                               0x00135      9
lcd_gotoxy                                                                        0x0013E     16
lcd_clear                                                                         0x0014E     19
lcd_putchar                                                                       0x00161     26
lcd_puts                                                                          0x0017B     17
_long_delay_G100                                                                  0x0018C      5
_lcd_init_write_G100                                                              0x00191     12
lcd_init                                                                          0x0019D     45
