RAM Allocation [bytes]
Variable                                                                          Address   Size
------------------------------------------------------------------------------------------------
STEPS                                                                             0x0160       8
timer_counter                                                                     0x0168       2
state                                                                             0x016A       1

EEPROM Allocation [bytes]
Variable                                                                          Address   Size
------------------------------------------------------------------------------------------------

Register Allocation
Variable                                                                          Register  Size
------------------------------------------------------------------------------------------------
dir                                                                               R4,R5        2

FLASH Allocation [words]
Function                                                                          Address   Size
------------------------------------------------------------------------------------------------
timer_procedure                                                                   0x00067     35
timer0_ovf_isr                                                                    0x0008A     50
main                                                                              0x000BC     53
